******************************************************************************
                  TI ARM Linker PC v20.2.6                     
******************************************************************************
>> Linked Wed May 24 18:41:33 2023

OUTPUT FILE NAME:   <SSL_REST_API_AWS2.out>
ENTRY POINT SYMBOL: "_c_int00_noargs"  address: 2000d3b9


MEMORY CONFIGURATION

         name            origin    length      used     unused   attr    fill
----------------------  --------  ---------  --------  --------  ----  --------
  SRAM_CODE             20004000   00013000  0000a08c  00008f74  RW X
  SRAM_DATA             20017000   00019000  0000943a  0000fbc6  RW X


SEGMENT ALLOCATION MAP

run origin  load origin   length   init length attrs members
----------  ----------- ---------- ----------- ----- -------
20004000    20004000    0000a090   0000a090    r-x
  20004000    20004000    00000400   00000400    r-- .intvecs
  20004400    20004400    000095e2   000095e2    r-x .text
  2000d9e4    2000d9e4    00000642   00000642    r-- .const
  2000e028    2000e028    00000068   00000068    r-- .cinit
20017000    20017000    0000843c   00000000    rw-
  20017000    20017000    00008000   00000000    rw- .sysmem
  2001f000    2001f000    0000036a   00000000    rw- .bss
  2001f36c    2001f36c    000000d0   00000000    rw- .data
2002f000    2002f000    00001000   00000000    rw-
  2002f000    2002f000    00001000   00000000    rw- .stack


SECTION ALLOCATION MAP

 output                                  attributes/
section   page    origin      length       input sections
--------  ----  ----------  ----------   ----------------
.intvecs   0    20004000    00000400     
                  20004000    00000400     startup_ccs.obj (.intvecs)

.init_array 
*          0    20004000    00000000     UNINITIALIZED

.text      0    20004400    000095e2     
                  20004400    00001d80     main.obj (.text)
                  20006180    00000a4e     rtsv7M4_T_le_eabi.lib : _printfi.c.obj (.text:__TI_printfi)
                  20006bce    00000002     driverlib.a : interrupt.obj (.text:IntDefaultHandler)
                  20006bd0    00000590     simplelink.a : driver.obj (.text:_SlDrvMsgRead)
                  20007160    00000398     gpio_if.obj (.text)
                  200074f8    0000027c     simplelink.a : wlan.obj (.text:sl_WlanConnect)
                  20007774    0000027c     uart_if.obj (.text)
                  200079f0    00000268     rtsv7M4_T_le_eabi.lib : _printfi.c.obj (.text:_pconv_a)
                  20007c58    0000024c     simplelink.a : driver.obj (.text:_SlDrvRxHdrRead)
                  20007ea4    000001e4                  : driver.obj (.text:_SlDrvDataReadOp)
                  20008088    000001d0                  : driver.obj (.text:_SlDrvReleasePoolObj)
                  20008258    000001cc     rtsv7M4_T_le_eabi.lib : _printfi.c.obj (.text:_pconv_g)
                  20008424    000001b6                           : fd_add_t2.asm.obj (.text)
                  200085da    00000002                           : _lock.c.obj (.text:_nop)
                  200085dc    000001b4     simplelink.a : driver.obj (.text:_SlDrvDriverCBInit)
                  20008790    0000019c                  : driver.obj (.text:_SlDrvMsgWrite)
                  2000892c    00000190                  : driver.obj (.text:_SlDrvWaitForPoolObj)
                  20008abc    0000018c                  : socket.obj (.text:sl_Connect)
                  20008c48    00000178     driverlib.a : prcm.obj (.text:PRCMCC3200MCUInit)
                  20008dc0    00000170     simplelink.a : driver.obj (.text:_SlFindAndSetActiveObj)
                  20008f30    00000150                  : driver.obj (.text:_SlDrvDataWriteOp)
                  20009080    00000148                  : cc_pal.obj (.text:spi_Open)
                  200091c8    00000144                  : driver.obj (.text:_SlDrvMsgReadCmdCtx)
                  2000930c    00000144                  : netapp.obj (.text:sl_NetAppDnsGetHostByName)
                  20009450    0000013c     rtsv7M4_T_le_eabi.lib : _printfi.c.obj (.text:_pconv_e)
                  2000958c    00000136                           : fd_div_t2.asm.obj (.text)
                  200096c2    00000002                           : div0.asm.obj (.text)
                  200096c4    00000134     simplelink.a : socket.obj (.text:sl_Send)
                  200097f8    00000130                  : driver.obj (.text:_SlDrvDriverCBDeinit)
                  20009928    00000120     rtsv7M4_T_le_eabi.lib : _printfi.c.obj (.text:fcvt)
                  20009a48    00000108     pin_mux_config.obj (.text)
                  20009b50    00000104     simplelink.a : netapp.obj (.text:_SlDrvNetAppEventHandler)
                  20009c54    00000100     rtsv7M4_T_le_eabi.lib : memory.c.obj (.text:aligned_alloc)
                  20009d54    000000fc                           : fd_mul_t2.asm.obj (.text)
                  20009e50    000000f0     simplelink.a : device.obj (.text:sl_Stop)
                  20009f40    000000f0                  : cc_pal.obj (.text:spi_Read)
                  2000a030    000000f0     driverlib.a : udma.obj (.text:uDMAChannelTransferSet)
                  2000a120    000000ec     simplelink.a : device.obj (.text:sl_Start)
                  2000a20c    000000e8                  : driver.obj (.text:_SlAsyncEventGenericHandler)
                  2000a2f4    000000e8                  : driver.obj (.text:_SlDrvMsgReadSpawnCtx)
                  2000a3dc    000000e4     rtsv7M4_T_le_eabi.lib : memory.c.obj (.text:free)
                  2000a4c0    000000e4                           : memory.c.obj (.text:realloc)
                  2000a5a4    000000e4     simplelink.a : netapp.obj (.text:sl_NetAppMDNSRegisterUnregisterService)
                  2000a688    000000dc                  : driver.obj (.text:_SlDrvClassifyRxMsg)
                  2000a764    000000d0     rtsv7M4_T_le_eabi.lib : s_scalbn.c.obj (.text:scalbn)
                  2000a834    000000cc     simplelink.a : netapp.obj (.text:_sl_HandleAsync_DnsGetHostByService)
                  2000a900    000000cc                  : device.obj (.text:sl_DevGet)
                  2000a9cc    000000c4                  : driver.obj (.text:_SlRemoveFromList)
                  2000aa90    000000c0                  : driver.obj (.text:_SlDrvCmdOp)
                  2000ab50    000000b1     rtsv7M4_T_le_eabi.lib : _printfi.c.obj (.text:_ltostr)
                  2000ac01    00000003     --HOLE-- [fill = 0]
                  2000ac04    000000b0     simplelink.a : nonos.obj (.text:_SlNonOsSemGet)
                  2000acb4    000000a8     driverlib.a : interrupt.obj (.text:IntDisable)
                  2000ad5c    000000a8                 : interrupt.obj (.text:IntEnable)
                  2000ae04    000000a4     simplelink.a : driver.obj (.text:_SlDriverHandleError)
                  2000aea8    000000a0     driverlib.a : spi.obj (.text:SPIConfigSetExpClk)
                  2000af48    000000a0     simplelink.a : socket.obj (.text:sl_Recv)
                  2000afe8    0000009c     rtsv7M4_T_le_eabi.lib : memcpy_t2.asm.obj (.text)
                  2000b084    0000009a     simplelink.a : device.obj (.text:_SlDrvDeviceEventHandler)
                  2000b11e    00000002     --HOLE-- [fill = 0]
                  2000b120    00000098                  : device.obj (.text:sl_DevSet)
                  2000b1b8    00000098                  : netcfg.obj (.text:sl_NetCfgSet)
                  2000b250    00000098                  : socket.obj (.text:sl_SetSockOpt)
                  2000b2e8    00000098                  : wlan.obj (.text:sl_WlanSet)
                  2000b380    00000098                  : cc_pal.obj (.text:spi_Write)
                  2000b418    00000096     rtsv7M4_T_le_eabi.lib : ull_div_t2.asm.obj (.text)
                  2000b4ae    00000002     --HOLE-- [fill = 0]
                  2000b4b0    00000094     driverlib.a : prcm.obj (.text:PRCMPeripheralClockGet)
                  2000b544    00000090     simplelink.a : netapp.obj (.text:_sl_HandleAsync_DnsGetHostByName)
                  2000b5d4    00000090                  : netapp.obj (.text:_sl_HandleAsync_PingResponse)
                  2000b664    00000090                  : wlan.obj (.text:sl_WlanPolicySet)
                  2000b6f4    0000008c                  : cc_pal.obj (.text:SetupDMAReceive)
                  2000b780    0000008c                  : cc_pal.obj (.text:SetupDMASend)
                  2000b80c    0000008c                  : driver.obj (.text:_SlDrvIsTimeoutExpired)
                  2000b898    0000008c                  : device.obj (.text:_sl_HandleAsync_InitComplete)
                  2000b924    0000008c                  : socket.obj (.text:sl_Socket)
                  2000b9b0    00000088     driverlib.a : pin.obj (.text:PinConfigSet)
                  2000ba38    00000086     rtsv7M4_T_le_eabi.lib : fd_cmp_t2.asm.obj (.text:__aeabi_cdcmple)
                  2000babe    00000086                           : fd_cmp_t2.asm.obj (.text:__aeabi_cdrcmple)
                  2000bb44    00000084     simplelink.a : wlan.obj (.text:sl_WlanRxFilterSet)
                  2000bbc8    00000082     driverlib.a : gpio.obj (.text:GPIOIntTypeSet)
                  2000bc4a    00000002     --HOLE-- [fill = 0]
                  2000bc4c    00000080     simplelink.a : socket.obj (.text:_sl_HandleAsync_Connect)
                  2000bccc    00000080                  : cc_pal.obj (.text:spi_Read_CPU)
                  2000bd4c    00000080                  : cc_pal.obj (.text:spi_Write_CPU)
                  2000bdcc    0000007a     rtsv7M4_T_le_eabi.lib : memset_t2.asm.obj (.text)
                  2000be46    00000002     --HOLE-- [fill = 0]
                  2000be48    00000078     simplelink.a : cc_pal.obj (.text:spi_Close)
                  2000bec0    00000076     driverlib.a : uart.obj (.text:UARTConfigSetExpClk)
                  2000bf36    00000002     --HOLE-- [fill = 0]
                  2000bf38    00000074     simplelink.a : nonos.obj (.text:_SlNonOsMainLoopTask)
                  2000bfac    00000070     rtsv7M4_T_le_eabi.lib : memory.c.obj (.text:split)
                  2000c01c    0000006e                           : _printfi.c.obj (.text:_mcpy)
                  2000c08a    00000002     --HOLE-- [fill = 0]
                  2000c08c    0000006c     simplelink.a : driver.obj (.text:_SlDrvCmdSend)
                  2000c0f8    0000006c                  : netapp.obj (.text:_sl_NetAppSendTokenValue)
                  2000c164    00000068     rtsv7M4_T_le_eabi.lib : copy_decompress_lzss.c.obj (.text:decompress:lzss:__TI_decompress_lzss)
                  2000c1cc    00000064     simplelink.a : nonos.obj (.text:_SlNonOsSpawn)
                  2000c230    00000064                  : socket.obj (.text:_sl_HandleAsync_Accept)
                  2000c294    00000064                  : netapp.obj (.text:sl_NetAppMDNSUnRegisterService)
                  2000c2f8    00000064     driverlib.a : udma.obj (.text:uDMAChannelAttributeDisable)
                  2000c35c    00000064                 : udma.obj (.text:uDMAChannelAttributeEnable)
                  2000c3c0    00000060     simplelink.a : socket.obj (.text:sl_Close)
                  2000c420    00000060                  : wlan.obj (.text:sl_WlanProfileDel)
                  2000c480    00000060                  : wlan.obj (.text:sl_WlanSetMode)
                  2000c4e0    0000005c     rtsv7M4_T_le_eabi.lib : s_frexp.c.obj (.text:frexp)
                  2000c53c    00000058     driverlib.a : interrupt.obj (.text:IntPendClear)
                  2000c594    00000058                 : prcm.obj (.text:PRCMPeripheralReset)
                  2000c5ec    00000056     rtsv7M4_T_le_eabi.lib : _printfi.c.obj (.text:_pconv_f)
                  2000c642    00000002     --HOLE-- [fill = 0]
                  2000c644    00000054     driverlib.a : interrupt.obj (.text:IntPrioritySet)
                  2000c698    00000054     simplelink.a : driver.obj (.text:_SlDrvRxIrqHandler)
                  2000c6ec    00000054     rtsv7M4_T_le_eabi.lib : _ltoa.c.obj (.text:__TI_ltoa)
                  2000c740    00000054     simplelink.a : socket.obj (.text:_sl_HandleAsync_Select)
                  2000c794    00000052     rtsv7M4_T_le_eabi.lib : _printfi.c.obj (.text:_ecpy)
                  2000c7e6    00000002     --HOLE-- [fill = 0]
                  2000c7e8    00000050     simplelink.a : device.obj (.text:_sl_HandleAsync_Stop)
                  2000c838    0000004c     driverlib.a : spi.obj (.text:SPIIntEnable)
                  2000c884    0000004c                 : spi.obj (.text:SPIIntNumberGet)
                  2000c8d0    0000004c     simplelink.a : driver.obj (.text:_SlDrvProtectAsyncRespSetting)
                  2000c91c    0000004c                  : socket.obj (.text:_sl_BuildAddress)
                  2000c968    0000004c     rtsv7M4_T_le_eabi.lib : atoi.c.obj (.text:atoi)
                  2000c9b4    0000004c     driverlib.a : udma.obj (.text:uDMAChannelAssign)
                  2000ca00    00000048                 : gpio.obj (.text:GPIOGetIntNumber)
                  2000ca48    00000048                 : spi.obj (.text:SPIIntClear)
                  2000ca90    00000048     simplelink.a : driver.obj (.text:_SlDrvBasicCmd)
                  2000cad8    00000048     rtsv7M4_T_le_eabi.lib : fd_toi_t2.asm.obj (.text)
                  2000cb20    00000044     driverlib.a : spi.obj (.text:SPIDmaMaskGet)
                  2000cb64    00000044                 : timer.obj (.text:TimerConfigure)
                  2000cba8    00000044     simplelink.a : driver.obj (.text:_SlDrvSyncObjWaitTimeout)
                  2000cbec    00000044     rtsv7M4_T_le_eabi.lib : autoinit.c.obj (.text:__TI_auto_init_nobinit_nopinit:__TI_auto_init_nobinit_nopinit)
                  2000cc30    00000044     simplelink.a : cc_pal.obj (.text:cc_SetupTransfer)
                  2000cc74    00000042                  : socket.obj (.text:sl_Htonl)
                  2000ccb6    00000002     --HOLE-- [fill = 0]
                  2000ccb8    00000040     driverlib.a : pin.obj (.text:PinModeSet)
                  2000ccf8    00000040     simplelink.a : socket.obj (.text:_sl_TruncatePayloadByProtocol)
                  2000cd38    00000040     rtsv7M4_T_le_eabi.lib : sprintf.c.obj (.text:sprintf)
                  2000cd78    00000040                           : vsnprintf.c.obj (.text:vsnprintf)
                  2000cdb8    0000003e     simplelink.a : cc_pal.obj (.text:NwpRegisterInterruptHandler)
                  2000cdf6    0000003e     rtsv7M4_T_le_eabi.lib : _printfi.c.obj (.text:_fcpy)
                  2000ce34    0000003c     simplelink.a : netapp.obj (.text:CopyPingResultsToReport)
                  2000ce70    0000003c     driverlib.a : prcm.obj (.text:PRCMPeripheralClkEnable)
                  2000ceac    0000003c     simplelink.a : cc_pal.obj (.text:simplelink_timerA2_start)
                  2000cee8    0000003c                  : socket.obj (.text:sl_Htons)
                  2000cf24    0000003c     driverlib.a : udma.obj (.text:uDMAChannelControlSet)
                  2000cf60    00000038     simplelink.a : cc_pal.obj (.text:NwpPowerOff)
                  2000cf98    00000038                  : wlan.obj (.text:sl_WlanDisconnect)
                  2000cfd0    00000036     driverlib.a : gpio.obj (.text:GPIODirModeSet)
                  2000d006    00000002     --HOLE-- [fill = 0]
                  2000d008    00000034                 : prcm.obj (.text:PRCMPeripheralStatusGet)
                  2000d03c    00000034                 : spi.obj (.text:SPIFIFOLevelSet)
                  2000d070    00000030                 : pin.obj (.text:PinTypeGPIO)
                  2000d0a0    00000030                 : uart.obj (.text:UARTDisable)
                  2000d0d0    00000030     rtsv7M4_T_le_eabi.lib : vsnprintf.c.obj (.text:_outs)
                  2000d100    0000002e                           : i_tofd_t2.asm.obj (.text)
                  2000d12e    00000002     --HOLE-- [fill = 0]
                  2000d130    0000002c     simplelink.a : cc_pal.obj (.text:NwpPowerOn)
                  2000d15c    0000002c     driverlib.a : prcm.obj (.text:PRCMSysResetCauseGet)
                  2000d188    0000002c     simplelink.a : driver.obj (.text:_SlDrvObjGlobalLockWaitForever)
                  2000d1b4    0000002c                  : driver.obj (.text:_SlDrvProtectionObjLockWaitForever)
                  2000d1e0    0000002a     driverlib.a : timer.obj (.text:TimerLoadSet)
                  2000d20a    0000002a                 : timer.obj (.text:TimerPrescaleSet)
                  2000d234    00000028                 : prcm.obj (.text:PRCMPeripheralClkDisable)
                  2000d25c    00000028     simplelink.a : driver.obj (.text:_SlDrvGlobalObjUnLock)
                  2000d284    00000028                  : driver.obj (.text:_SlDrvProtectionObjUnLock)
                  2000d2ac    00000028                  : driver.obj (.text:_SlDrvSyncObjWaitForever)
                  2000d2d4    00000028     rtsv7M4_T_le_eabi.lib : memory.c.obj (.text:free_list_insert)
                  2000d2fc    00000028                           : memmov.c.obj (.text:memmove)
                  2000d324    00000026     simplelink.a : driver.obj (.text:_SlDrvObjLockWaitForever)
                  2000d34a    00000002     --HOLE-- [fill = 0]
                  2000d34c    00000024                  : cc_pal.obj (.text:DmaSpiSwIntHandler)
                  2000d370    00000024     driverlib.a : interrupt.obj (.text:IntUnregister)
                  2000d394    00000024                 : uart.obj (.text:UARTEnable)
                  2000d3b8    00000024     rtsv7M4_T_le_eabi.lib : boot_cortex_m.c.obj (.text:_c_int00_noargs:_c_int00_noargs)
                  2000d3dc    00000022     driverlib.a : gpio.obj (.text:GPIOIntStatus)
                  2000d3fe    00000022                 : spi.obj (.text:SPIReset)
                  2000d420    00000022                 : spi.obj (.text:SPIWordCountSet)
                  2000d442    00000020                 : gpio.obj (.text:GPIOPinWrite)
                  2000d462    00000002     --HOLE-- [fill = 0]
                  2000d464    00000020                 : interrupt.obj (.text:IntRegister)
                  2000d484    00000020     simplelink.a : cc_pal.obj (.text:NwpPrePowerOffTimout0)
                  2000d4a4    00000020                  : cc_pal.obj (.text:TimerGetCurrentTimestamp)
                  2000d4c4    00000020                  : driver.obj (.text:_SlDrvObjUnLock)
                  2000d4e4    00000020                  : driver.obj (.text:_SlDrvSyncObjSignal)
                  2000d504    0000001e     driverlib.a : gpio.obj (.text:GPIOIntRegister)
                  2000d522    0000001e                 : timer.obj (.text:TimerEnable)
                  2000d540    0000001e                 : uart.obj (.text:UARTCharPut)
                  2000d55e    0000001e     simplelink.a : cc_pal.obj (.text:cc_UDMAChannelSelect)
                  2000d57c    0000001e     rtsv7M4_T_le_eabi.lib : strcat.c.obj (.text:strcat)
                  2000d59a    00000002     --HOLE-- [fill = 0]
                  2000d59c    0000001c     driverlib.a : systick.obj (.text:SysTickIntRegister)
                  2000d5b8    0000001c                 : timer.obj (.text:TimerValueGet)
                  2000d5d4    0000001c                 : uart.obj (.text:UARTCharGetNonBlocking)
                  2000d5f0    0000001c     simplelink.a : driver.obj (.text:_SlDrvStartMeasureTimeout)
                  2000d60c    0000001c     rtsv7M4_T_le_eabi.lib : copy_zero_init.c.obj (.text:decompress:ZI:__TI_zero_init_nomemset:__TI_zero_init_nomemset)
                  2000d628    0000001c                           : memory.c.obj (.text:free_list_remove)
                  2000d644    0000001c                           : memccpy.c.obj (.text:memccpy)
                  2000d660    0000001c     driverlib.a : udma.obj (.text:uDMAChannelEnable)
                  2000d67c    0000001a                 : gpio.obj (.text:GPIOIntEnable)
                  2000d696    0000001a                 : pin.obj (.text:PinTypeUART)
                  2000d6b0    0000001a                 : spi.obj (.text:SPIDmaDisable)
                  2000d6ca    0000001a                 : spi.obj (.text:SPIDmaEnable)
                  2000d6e4    0000001a                 : spi.obj (.text:SPIFIFODisable)
                  2000d6fe    0000001a                 : spi.obj (.text:SPIFIFOEnable)
                  2000d718    0000001a                 : spi.obj (.text:SPIIntUnregister)
                  2000d732    00000018                 : gpio.obj (.text:GPIOPinRead)
                  2000d74a    00000018                 : spi.obj (.text:SPICSDisable)
                  2000d762    00000018                 : spi.obj (.text:SPICSEnable)
                  2000d77a    00000018                 : spi.obj (.text:SPIDisable)
                  2000d792    00000018                 : spi.obj (.text:SPIEnable)
                  2000d7aa    00000002     --HOLE-- [fill = 0]
                  2000d7ac    00000018                 : systick.obj (.text:SysTickPeriodSet)
                  2000d7c4    00000018                 : uart.obj (.text:UARTCharsAvail)
                  2000d7dc    00000018     simplelink.a : nonos.obj (.text:_SlNonOsSemSet)
                  2000d7f4    00000018     rtsv7M4_T_le_eabi.lib : vsnprintf.c.obj (.text:_outc)
                  2000d80c    00000018                           : sprintf.c.obj (.text:_outs)
                  2000d824    00000018     simplelink.a : device.obj (.text:_sl_GetStartResponseConvert)
                  2000d83c    00000018     rtsv7M4_T_le_eabi.lib : ll_mul_t2.asm.obj (.text)
                  2000d854    00000016     driverlib.a : prcm.obj (.text:PRCMHIBRegRead)
                  2000d86a    00000016                 : prcm.obj (.text:PRCMHIBRegWrite)
                  2000d880    00000016     simplelink.a : driver.obj (.text:_SlDrvMemZero)
                  2000d896    00000016     rtsv7M4_T_le_eabi.lib : strchr.c.obj (.text:strchr)
                  2000d8ac    00000014     driverlib.a : cpu.obj (.text:CPUcpsie)
                  2000d8c0    00000014                 : gpio.obj (.text:GPIOIntClear)
                  2000d8d4    00000014                 : interrupt.obj (.text:IntVTableBaseSet)
                  2000d8e8    00000014     rtsv7M4_T_le_eabi.lib : strcpy.c.obj (.text:strcpy)
                  2000d8fc    00000014                           : strlen.c.obj (.text:strlen)
                  2000d910    00000012                           : wcslen.c.obj (.text:wcslen)
                  2000d922    00000002     --HOLE-- [fill = 0]
                  2000d924    00000010     driverlib.a : systick.obj (.text:SysTickEnable)
                  2000d934    00000010                 : systick.obj (.text:SysTickIntEnable)
                  2000d944    00000010     simplelink.a : driver.obj (.text:_SlDrvDispatchHttpServerEvents)
                  2000d954    0000000e                  : driver.obj (.text:_SlDrvResetCmdExt)
                  2000d962    0000000e     rtsv7M4_T_le_eabi.lib : copy_decompress_none.c.obj (.text:decompress:none:__TI_decompress_none)
                  2000d970    0000000e     startup_ccs.obj (.text)
                  2000d97e    00000002     --HOLE-- [fill = 0]
                  2000d980    0000000c     simplelink.a : cc_pal.obj (.text:NwpMaskInterrupt)
                  2000d98c    0000000c                  : cc_pal.obj (.text:NwpUnMaskInterrupt)
                  2000d998    0000000c     driverlib.a : systick.obj (.text:SysTickValueGet)
                  2000d9a4    0000000c     rtsv7M4_T_le_eabi.lib : s_copysign.c.obj (.text:copysign)
                  2000d9b0    0000000a     driverlib.a : interrupt.obj (.text:IntMasterEnable)
                  2000d9ba    0000000a     rtsv7M4_T_le_eabi.lib : sprintf.c.obj (.text:_outc)
                  2000d9c4    00000008                           : errno.c.obj (.text:__aeabi_errno_addr)
                  2000d9cc    00000008                           : memory.c.obj (.text:malloc)
                  2000d9d4    00000006     driverlib.a : utils.obj (.text:UtilsDelay)
                  2000d9da    00000004     rtsv7M4_T_le_eabi.lib : pre_init.c.obj (.text:_system_pre_init)
                  2000d9de    00000004                           : exit.c.obj (.text:abort:abort)

.const     0    2000d9e4    00000642     
                  2000d9e4    00000101     rtsv7M4_T_le_eabi.lib : ctype.c.obj (.const:.string:_ctypes_)
                  2000dae5    00000003     --HOLE-- [fill = 0]
                  2000dae8    00000100     driverlib.a : pin.obj (.const:g_ulPinToPadMap)
                  2000dbe8    000000d4                 : interrupt.obj (.const:g_pulRegs)
                  2000dcbc    000000a8                 : prcm.obj (.const:PRCM_PeriphRegsList)
                  2000dd64    00000080                 : interrupt.obj (.const)
                  2000dde4    0000003c     simplelink.a : driver.obj (.const:OpcodeTranslateTable)
                  2000de20    00000038                  : driver.obj (.const:_SlActionLookupTable)
                  2000de58    00000030     main.obj (.const:.string)
                  2000de88    0000002c     main.obj (.const:$P$T1$2)
                  2000deb4    00000024     driverlib.a : spi.obj (.const:g_ppulSPIIntMap)
                  2000ded8    00000022     main.obj (.const:.string:$P$T0$1)
                  2000defa    00000002     --HOLE-- [fill = 0]
                  2000defc    00000020     simplelink.a : driver.obj (.const:RxMsgClassLUT)
                  2000df1c    00000018     driverlib.a : spi.obj (.const)
                  2000df34    00000015     main.obj (.const:.string:$P$T6$7)
                  2000df49    00000003     --HOLE-- [fill = 0]
                  2000df4c    00000014     simplelink.a : driver.obj (.const:$P$T0$1)
                  2000df60    00000014                  : nonos.obj (.const:$P$T0$1)
                  2000df74    00000014     main.obj (.const:$P$T2$3)
                  2000df88    00000010     simplelink.a : socket.obj (.const:.string:_SlPayloadByProtocolLUT)
                  2000df98    0000000c     main.obj (.const:$P$T4$5)
                  2000dfa4    0000000c     main.obj (.const:.string:$P$T3$4)
                  2000dfb0    00000009     main.obj (.const:.string:$P$T5$6)
                  2000dfb9    00000008     simplelink.a : device.obj (.const:StartResponseLUT)
                  2000dfc1    00000003     --HOLE-- [fill = 0]
                  2000dfc4    00000008                  : driver.obj (.const:g_H2NCnysPattern)
                  2000dfcc    00000008                  : driver.obj (.const:g_H2NSyncPattern)
                  2000dfd4    00000005     main.obj (.const:.string:$P$T7$8)
                  2000dfd9    00000001     --HOLE-- [fill = 0]
                  2000dfda    00000004     simplelink.a : wlan.obj (.const:$P$T0$1)
                  2000dfde    00000004                  : socket.obj (.const:$P$T2$3)
                  2000dfe2    00000004                  : device.obj (.const:_SlDeviceGetCmdCtrl)
                  2000dfe6    00000004                  : device.obj (.const:_SlDeviceSetCmdCtrl)
                  2000dfea    00000004                  : netapp.obj (.const:_SlGetHostByNameCtrl)
                  2000dfee    00000004                  : netapp.obj (.const:_SlNetAppSendTokenValueCmdCtrl)
                  2000dff2    00000004                  : netcfg.obj (.const:_SlNetCfgSetCmdCtrl)
                  2000dff6    00000004                  : wlan.obj (.const:_SlPolicySetCmdCtrl)
                  2000dffa    00000004                  : wlan.obj (.const:_SlProfileDelCmdCtrl)
                  2000dffe    00000004                  : socket.obj (.const:_SlRecvCmdCtrl)
                  2000e002    00000004                  : netapp.obj (.const:_SlRegisterServiceCtrl)
                  2000e006    00000004                  : wlan.obj (.const:_SlRxFilterSetCmdCtrl)
                  2000e00a    00000004                  : socket.obj (.const:_SlSendCmdCtrl)
                  2000e00e    00000004                  : socket.obj (.const:_SlSetSockOptCmdCtrl)
                  2000e012    00000004                  : socket.obj (.const:_SlSockCloseCmdCtrl)
                  2000e016    00000004                  : socket.obj (.const:_SlSockSocketCmdCtrl)
                  2000e01a    00000004                  : device.obj (.const:_SlStopCmdCtrl)
                  2000e01e    00000004                  : wlan.obj (.const:_SlWlanCfgSetCmdCtrl)
                  2000e022    00000004                  : wlan.obj (.const:_SlWlanSetModeCmdCtrl)

.cinit     0    2000e028    00000068     
                  2000e028    00000040     (.cinit..data.load) [load image, compression = lzss]
                  2000e068    0000000c     (__TI_handler_table)
                  2000e074    00000004     --HOLE-- [fill = 0]
                  2000e078    00000008     (.cinit..bss.load) [load image, compression = zero_init]
                  2000e080    00000010     (__TI_cinit_table)

.sysmem    0    20017000    00008000     UNINITIALIZED
                  20017000    00000010     rtsv7M4_T_le_eabi.lib : memory.c.obj (.sysmem)
                  20017010    00007ff0     --HOLE--

.bss       0    2001f000    0000036a     UNINITIALIZED
                  2001f000    00000168     simplelink.a : driver.obj (.bss:g_StatMem)
                  2001f168    00000100     (.common:emailMessage)
                  2001f268    00000050     (.common:g_ucDinDout)
                  2001f2b8    00000040     (.common:buffer)
                  2001f2f8    0000002c     (.common:g_time)
                  2001f324    00000024     (.common:g_ucConnectionSSID)
                  2001f348    00000008     (.common:g_ucConnectionBSSID)
                  2001f350    00000004     uart_if.obj (.bss)
                  2001f354    00000004     (.common:SW_intflag)
                  2001f358    00000004     (.common:currButton)
                  2001f35c    00000004     (.common:prevButton)
                  2001f360    00000004     (.common:prevData)
                  2001f364    00000001     (.common:RxIrqCnt)
                  2001f365    00000001     (.common:g_bDeviceRestartIsRequired)
                  2001f366    00000001     (.common:g_cDummy)
                  2001f367    00000001     (.common:g_ucLED1Pin)
                  2001f368    00000001     (.common:g_ucLED2Pin)
                  2001f369    00000001     (.common:g_ucLED3Pin)

.data      0    2001f36c    000000d0     UNINITIALIZED
                  2001f36c    0000003c     simplelink.a : nonos.obj (.data:g__SlNonOsCB)
                  2001f3a8    0000003c     main.obj (.data)
                  2001f3e4    00000014     gpio_if.obj (.data:ulReg)
                  2001f3f8    0000000d     simplelink.a : driver.obj (.data)
                  2001f405    00000003     --HOLE--
                  2001f408    0000000c     gpio_if.obj (.data)
                  2001f414    00000009     simplelink.a : cc_pal.obj (.data)
                  2001f41d    00000003     --HOLE--
                  2001f420    00000008     rtsv7M4_T_le_eabi.lib : _lock.c.obj (.data:$O1$$)
                  2001f428    00000008                           : memory.c.obj (.data:$O1$$)
                  2001f430    00000008     main.obj (.data:button)
                  2001f438    00000004     rtsv7M4_T_le_eabi.lib : errno.c.obj (.data)

.stack     0    2002f000    00001000     UNINITIALIZED
                  2002f000    00000004     rtsv7M4_T_le_eabi.lib : boot_cortex_m.c.obj (.stack)
                  2002f004    00000ffc     --HOLE--

__llvm_prf_cnts 
*          0    20017000    00000000     UNINITIALIZED

MODULE SUMMARY

       Module                       code    ro data   rw data
       ------                       ----    -------   -------
    .\
       main.obj                     7552    205       492    
       startup_ccs.obj              14      1024      0      
       gpio_if.obj                  920     0         35     
       uart_if.obj                  636     0         4      
       pin_mux_config.obj           264     0         0      
    +--+----------------------------+-------+---------+---------+
       Total:                       9386    1229      531    
                                                             
    C:/ti/CC3200SDK_1.3.0/cc3200-sdk/driverlib/ccs/Release/driverlib.a
       prcm.obj                     852     168       0      
       interrupt.obj                608     340       0      
       spi.obj                      798     60        0      
       udma.obj                     604     0         0      
       pin.obj                      274     256       0      
       gpio.obj                     422     0         0      
       uart.obj                     284     0         0      
       timer.obj                    210     0         0      
       systick.obj                  96      0         0      
       cpu.obj                      20      0         0      
       utils.obj                    6       0         0      
    +--+----------------------------+-------+---------+---------+
       Total:                       4174    824       0      
                                                             
    C:/ti/CC3200SDK_1.3.0/cc3200-sdk/simplelink/ccs/NON_OS/simplelink.a
       driver.obj                   7714    184       375    
       cc_pal.obj                   1820    0         90     
       socket.obj                   1830    40        0      
       netapp.obj                   1572    12        0      
       wlan.obj                     1312    24        0      
       device.obj                   1230    20        0      
       nonos.obj                    416     20        60     
       netcfg.obj                   152     4         0      
    +--+----------------------------+-------+---------+---------+
       Total:                       16046   304       525    
                                                             
    C:\ti\ccs1200\ccs\tools\compiler\ti-cgt-arm_20.2.6.LTS\lib\rtsv7M4_T_le_eabi.lib
       _printfi.c.obj               4835    0         0      
       memory.c.obj                 900     0         8      
       fd_add_t2.asm.obj            438     0         0      
       fd_div_t2.asm.obj            310     0         0      
       fd_cmp_t2.asm.obj            268     0         0      
       ctype.c.obj                  0       257       0      
       fd_mul_t2.asm.obj            252     0         0      
       s_scalbn.c.obj               208     0         0      
       memcpy_t2.asm.obj            156     0         0      
       ull_div_t2.asm.obj           150     0         0      
       vsnprintf.c.obj              136     0         0      
       memset_t2.asm.obj            122     0         0      
       copy_decompress_lzss.c.obj   104     0         0      
       sprintf.c.obj                98      0         0      
       s_frexp.c.obj                92      0         0      
       _ltoa.c.obj                  84      0         0      
       atoi.c.obj                   76      0         0      
       fd_toi_t2.asm.obj            72      0         0      
       autoinit.c.obj               68      0         0      
       i_tofd_t2.asm.obj            46      0         0      
       memmov.c.obj                 40      0         0      
       boot_cortex_m.c.obj          36      0         0      
       strcat.c.obj                 30      0         0      
       copy_zero_init.c.obj         28      0         0      
       memccpy.c.obj                28      0         0      
       ll_mul_t2.asm.obj            24      0         0      
       strchr.c.obj                 22      0         0      
       strcpy.c.obj                 20      0         0      
       strlen.c.obj                 20      0         0      
       wcslen.c.obj                 18      0         0      
       copy_decompress_none.c.obj   14      0         0      
       errno.c.obj                  8       0         4      
       s_copysign.c.obj             12      0         0      
       _lock.c.obj                  2       0         8      
       exit.c.obj                   4       0         0      
       pre_init.c.obj               4       0         0      
       div0.asm.obj                 2       0         0      
    +--+----------------------------+-------+---------+---------+
       Total:                       8727    257       20     
                                                             
       Heap:                        0       0         32768  
       Stack:                       0       0         4096   
       Linker Generated:            0       100       0      
    +--+----------------------------+-------+---------+---------+
       Grand Total:                 38333   2714      37940  


LINKER GENERATED COPY TABLES

__TI_cinit_table @ 2000e080 records: 2, size/record: 8, table size: 16
	.data: load addr=2000e028, load size=00000040 bytes, run addr=2001f36c, run size=000000d0 bytes, compression=lzss
	.bss: load addr=2000e078, load size=00000008 bytes, run addr=2001f000, run size=0000036a bytes, compression=zero_init


LINKER GENERATED HANDLER TABLE

__TI_handler_table @ 2000e068 records: 3, size/record: 4, table size: 12
	index: 0, handler: __TI_decompress_lzss
	index: 1, handler: __TI_decompress_none
	index: 2, handler: __TI_zero_init


GLOBAL SYMBOLS: SORTED ALPHABETICALLY BY Name 

address   name                                  
-------   ----                                  
2000d9df  C$$EXIT                               
2000d8ad  CPUcpsie                              
200077b5  ClearTerm                             
2000440f  DisplayButtonPressed                  
200044cd  DisplayColor                          
2000480d  DisplayNextLetter                     
2000d34d  DmaSpiSwIntHandler                    
2001f3d4  EnterMessage                          
200077bf  Error                                 
2000cfd1  GPIODirModeSet                        
2000d8c1  GPIOIntClear                          
2000d67d  GPIOIntEnable                         
2000d505  GPIOIntRegister                       
2000d3dd  GPIOIntStatus                         
2000bbc9  GPIOIntTypeSet                        
2000d733  GPIOPinRead                           
2000d443  GPIOPinWrite                          
20007421  GPIO_IF_ConfigureNIntEnable           
200074ad  GPIO_IF_Get                           
200073db  GPIO_IF_GetPortNPin                   
2000719d  GPIO_IF_LedConfigure                  
2000728f  GPIO_IF_LedOff                        
200071db  GPIO_IF_LedOn                         
20007343  GPIO_IF_LedStatus                     
200073ad  GPIO_IF_LedToggle                     
20007469  GPIO_IF_Set                           
200077f7  GetCmd                                
20007775  InitTerm                              
2000acb5  IntDisable                            
2000ad5d  IntEnable                             
2000d9b1  IntMasterEnable                       
2000c53d  IntPendClear                          
2000c645  IntPrioritySet                        
2000d465  IntRegister                           
2000d371  IntUnregister                         
2000d8d5  IntVTableBaseSet                      
20007793  Message                               
2000d981  NwpMaskInterrupt                      
2000cf61  NwpPowerOff                           
2000d131  NwpPowerOn                            
2000d485  NwpPrePowerOffTimout0                 
2000cdb9  NwpRegisterInterruptHandler           
2000d98d  NwpUnMaskInterrupt                    
2000dde4  OpcodeTranslateTable                  
20008c49  PRCMCC3200MCUInit                     
2000d855  PRCMHIBRegRead                        
2000d86b  PRCMHIBRegWrite                       
2000d235  PRCMPeripheralClkDisable              
2000ce71  PRCMPeripheralClkEnable               
2000b4b1  PRCMPeripheralClockGet                
2000c595  PRCMPeripheralReset                   
2000d009  PRCMPeripheralStatusGet               
2000d15d  PRCMSysResetCauseGet                  
2000b9b1  PinConfigSet                          
2000ccb9  PinModeSet                            
20009a49  PinMuxConfig                          
2000d071  PinTypeGPIO                           
2000d697  PinTypeUART                           
20007935  Report                                
2000d971  ResetISR                              
2001f364  RxIrqCnt                              
2000d74b  SPICSDisable                          
2000d763  SPICSEnable                           
2000aea9  SPIConfigSetExpClk                    
2000d77b  SPIDisable                            
2000d6b1  SPIDmaDisable                         
2000d6cb  SPIDmaEnable                          
2000d793  SPIEnable                             
2000d6e5  SPIFIFODisable                        
2000d6ff  SPIFIFOEnable                         
2000d03d  SPIFIFOLevelSet                       
2000ca49  SPIIntClear                           
2000c839  SPIIntEnable                          
2000d719  SPIIntUnregister                      
2000d3ff  SPIReset                              
2000d421  SPIWordCountSet                       
2001f3bc  SW_intcount                           
2001f354  SW_intflag                            
20004cbd  SimpleLinkGeneralEventHandler         
20004ca5  SimpleLinkHttpServerCallback          
20004bf9  SimpleLinkNetAppEventHandler          
20004ce5  SimpleLinkSockEventHandler            
20004ae5  SimpleLinkWlanEventHandler            
2000d925  SysTickEnable                         
2000d935  SysTickIntEnable                      
2000d59d  SysTickIntRegister                    
2000d7ad  SysTickPeriodSet                      
2000d999  SysTickValueGet                       
2000cb65  TimerConfigure                        
2000d523  TimerEnable                           
2000d4a5  TimerGetCurrentTimestamp              
2000d1e1  TimerLoadSet                          
2000d20b  TimerPrescaleSet                      
2000d5b9  TimerValueGet                         
2000789d  TrimSpace                             
2000d5d5  UARTCharGetNonBlocking                
2000d541  UARTCharPut                           
2000d7c5  UARTCharsAvail                        
2000bec1  UARTConfigSetExpClk                   
2000d0a1  UARTDisable                           
2000d395  UARTEnable                            
2000d9d5  UtilsDelay                            
2000de20  _SlActionLookupTable                  
2000ae05  _SlDriverHandleError                  
2000ca91  _SlDrvBasicCmd                        
2000aa91  _SlDrvCmdOp                           
2000c08d  _SlDrvCmdSend                         
20007ea5  _SlDrvDataReadOp                      
20008f31  _SlDrvDataWriteOp                     
2000b085  _SlDrvDeviceEventHandler              
2000d945  _SlDrvDispatchHttpServerEvents        
200097f9  _SlDrvDriverCBDeinit                  
200085dd  _SlDrvDriverCBInit                    
2000d25d  _SlDrvGlobalObjUnLock                 
2000b80d  _SlDrvIsTimeoutExpired                
2000d881  _SlDrvMemZero                         
2000a2f5  _SlDrvMsgReadSpawnCtx                 
20009b51  _SlDrvNetAppEventHandler              
2000d325  _SlDrvObjLockWaitForever              
2000d4c5  _SlDrvObjUnLock                       
2000c8d1  _SlDrvProtectAsyncRespSetting         
2000d1b5  _SlDrvProtectionObjLockWaitForever    
2000d285  _SlDrvProtectionObjUnLock             
20008089  _SlDrvReleasePoolObj                  
2000d955  _SlDrvResetCmdExt                     
2000c699  _SlDrvRxIrqHandler                    
2000d5f1  _SlDrvStartMeasureTimeout             
2000d4e5  _SlDrvSyncObjSignal                   
2000d2ad  _SlDrvSyncObjWaitForever              
2000cba9  _SlDrvSyncObjWaitTimeout              
2000892d  _SlDrvWaitForPoolObj                  
2000dfee  _SlNetAppSendTokenValueCmdCtrl        
2000bf39  _SlNonOsMainLoopTask                  
2000ac05  _SlNonOsSemGet                        
2000d7dd  _SlNonOsSemSet                        
2000c1cd  _SlNonOsSpawn                         
20030000  __STACK_END                           
00001000  __STACK_SIZE                          
00008000  __SYSMEM_SIZE                         
2000e080  __TI_CINIT_Base                       
2000e090  __TI_CINIT_Limit                      
2000e068  __TI_Handler_Table_Base               
2000e074  __TI_Handler_Table_Limit              
2000cbed  __TI_auto_init_nobinit_nopinit        
2000c165  __TI_decompress_lzss                  
2000d963  __TI_decompress_none                  
2000c6ed  __TI_ltoa                             
ffffffff  __TI_pprof_out_hndl                   
20006181  __TI_printfi                          
ffffffff  __TI_prof_data_size                   
ffffffff  __TI_prof_data_start                  
2000e028  __TI_static_base__                    
2000d60d  __TI_zero_init_nomemset               
2000ba39  __aeabi_cdcmpeq                       
2000ba39  __aeabi_cdcmple                       
2000babf  __aeabi_cdrcmple                      
2000cad9  __aeabi_d2iz                          
2000842f  __aeabi_dadd                          
2000958d  __aeabi_ddiv                          
20009d55  __aeabi_dmul                          
20008425  __aeabi_dsub                          
2000d9c5  __aeabi_errno_addr                    
2000d101  __aeabi_i2d                           
200096c3  __aeabi_idiv0                         
200096c3  __aeabi_ldiv0                         
2000d83d  __aeabi_lmul                          
2000bdcd  __aeabi_memclr                        
2000bdcd  __aeabi_memclr4                       
2000bdcd  __aeabi_memclr8                       
2000afe9  __aeabi_memcpy                        
2000afe9  __aeabi_memcpy4                       
2000afe9  __aeabi_memcpy8                       
2000bdcf  __aeabi_memset                        
2000bdcf  __aeabi_memset4                       
2000bdcf  __aeabi_memset8                       
2000b419  __aeabi_uldivmod                      
ffffffff  __binit__                             
ffffffff  __c_args__                            
UNDEFED   __mpu_init                            
2002f000  __stack                               
20017000  __start___llvm_prf_cnts               
20017000  __stop___llvm_prf_cnts                
2000d3b9  _c_int00_noargs                       
2000d9e4  _ctypes_                              
2001f420  _lock                                 
200085db  _nop                                  
2000c231  _sl_HandleAsync_Accept                
2000bc4d  _sl_HandleAsync_Connect               
2000b545  _sl_HandleAsync_DnsGetHostByName      
2000a835  _sl_HandleAsync_DnsGetHostByService   
2000b899  _sl_HandleAsync_InitComplete          
2000b5d5  _sl_HandleAsync_PingResponse          
2000c741  _sl_HandleAsync_Select                
2000c7e9  _sl_HandleAsync_Stop                  
2000c0f9  _sl_NetAppSendTokenValue              
20017000  _sys_memory                           
UNDEFED   _system_post_cinit                    
2000d9db  _system_pre_init                      
2001f424  _unlock                               
2000d9df  abort                                 
20009c55  aligned_alloc                         
2000c969  atoi                                  
ffffffff  binit                                 
2001f3cc  bufIndex                              
2001f2b8  buffer                                
2001f3e0  color                                 
2000d9a5  copysign                              
2000d9a5  copysignl                             
2001f358  currButton                            
2001f3d8  data                                  
2001f168  emailMessage                          
2001f438  errno                                 
20004535  firstLetter                           
2001f3c0  first_edge                            
2000a3dd  free                                  
2000c4e1  frexp                                 
2000c4e1  frexpl                                
2001f3b4  g_Host                                
2001f3f8  g_SlDeviceStatus                      
2001f414  g_SpiFd                               
2001f36c  g__SlNonOsCB                          
2001f365  g_bDeviceRestartIsRequired            
2001f366  g_cDummy                              
2001f3fc  g_pCB                                 
2001f418  g_pHostIntHdl                         
20004000  g_pfnVectors                          
2001f2f8  g_time                                
2001f348  g_ucConnectionBSSID                   
2001f324  g_ucConnectionSSID                    
2001f41c  g_ucDMAEnabled                        
2001f268  g_ucDinDout                           
2001f367  g_ucLED1Pin                           
2001f368  g_ucLED2Pin                           
2001f369  g_ucLED3Pin                           
2001f408  g_uiLED1Port                          
2001f40c  g_uiLED2Port                          
2001f410  g_uiLED3Port                          
2001f3b0  g_ulGatewayIP                         
2001f3ac  g_ulPingPacketsRecv                   
2001f3a8  g_ulStatus                            
2000a765  ldexp                                 
2000a765  ldexpl                                
20005bcd  main                                  
2000d9cd  malloc                                
20009c55  memalign                              
2000d645  memccpy                               
2000afe9  memcpy                                
2000d2fd  memmove                               
2000bdd5  memset                                
2001f400  pPingCallBackFunc                     
2001f35c  prevButton                            
2001f360  prevData                              
2001f3c8  prevLetter                            
200056e9  printErrConvenience                   
2000a4c1  realloc                               
2001f3d0  sameButton                            
2000a765  scalbn                                
2000a765  scalbnl                               
2000cead  simplelink_timerA2_start              
2000c3c1  sl_Close                              
20008abd  sl_Connect                            
2000a901  sl_DevGet                             
2000b121  sl_DevSet                             
2000cc75  sl_Htonl                              
2000cee9  sl_Htons                              
2000930d  sl_NetAppDnsGetHostByName             
2000a5a5  sl_NetAppMDNSRegisterUnregisterService
2000c295  sl_NetAppMDNSUnRegisterService        
2000b1b9  sl_NetCfgSet                          
2000af49  sl_Recv                               
200096c5  sl_Send                               
2000b251  sl_SetSockOpt                         
2000b925  sl_Socket                             
2000a121  sl_Start                              
20009e51  sl_Stop                               
200074f9  sl_WlanConnect                        
2000cf99  sl_WlanDisconnect                     
2000b665  sl_WlanPolicySet                      
2000c421  sl_WlanProfileDel                     
2000bb45  sl_WlanRxFilterSet                    
2000b2e9  sl_WlanSet                            
2000c481  sl_WlanSetMode                        
2000be49  spi_Close                             
20009081  spi_Open                              
20009f41  spi_Read                              
2000b381  spi_Write                             
2000cd39  sprintf                               
2001f3c4  start                                 
2000d57d  strcat                                
2000d897  strchr                                
2000d8e9  strcpy                                
2000d8fd  strlen                                
2001f3b8  systick_cnt                           
2001f3dc  track                                 
2000c9b5  uDMAChannelAssign                     
2000c2f9  uDMAChannelAttributeDisable           
2000c35d  uDMAChannelAttributeEnable            
2000cf25  uDMAChannelControlSet                 
2000d661  uDMAChannelEnable                     
2000a031  uDMAChannelTransferSet                
20005b79  updateEmailMessage                    
2000cd79  vsnprintf                             
2000d911  wcslen                                


GLOBAL SYMBOLS: SORTED BY Symbol Address 

address   name                                  
-------   ----                                  
00001000  __STACK_SIZE                          
00008000  __SYSMEM_SIZE                         
20004000  g_pfnVectors                          
2000440f  DisplayButtonPressed                  
200044cd  DisplayColor                          
20004535  firstLetter                           
2000480d  DisplayNextLetter                     
20004ae5  SimpleLinkWlanEventHandler            
20004bf9  SimpleLinkNetAppEventHandler          
20004ca5  SimpleLinkHttpServerCallback          
20004cbd  SimpleLinkGeneralEventHandler         
20004ce5  SimpleLinkSockEventHandler            
200056e9  printErrConvenience                   
20005b79  updateEmailMessage                    
20005bcd  main                                  
20006181  __TI_printfi                          
2000719d  GPIO_IF_LedConfigure                  
200071db  GPIO_IF_LedOn                         
2000728f  GPIO_IF_LedOff                        
20007343  GPIO_IF_LedStatus                     
200073ad  GPIO_IF_LedToggle                     
200073db  GPIO_IF_GetPortNPin                   
20007421  GPIO_IF_ConfigureNIntEnable           
20007469  GPIO_IF_Set                           
200074ad  GPIO_IF_Get                           
200074f9  sl_WlanConnect                        
20007775  InitTerm                              
20007793  Message                               
200077b5  ClearTerm                             
200077bf  Error                                 
200077f7  GetCmd                                
2000789d  TrimSpace                             
20007935  Report                                
20007ea5  _SlDrvDataReadOp                      
20008089  _SlDrvReleasePoolObj                  
20008425  __aeabi_dsub                          
2000842f  __aeabi_dadd                          
200085db  _nop                                  
200085dd  _SlDrvDriverCBInit                    
2000892d  _SlDrvWaitForPoolObj                  
20008abd  sl_Connect                            
20008c49  PRCMCC3200MCUInit                     
20008f31  _SlDrvDataWriteOp                     
20009081  spi_Open                              
2000930d  sl_NetAppDnsGetHostByName             
2000958d  __aeabi_ddiv                          
200096c3  __aeabi_idiv0                         
200096c3  __aeabi_ldiv0                         
200096c5  sl_Send                               
200097f9  _SlDrvDriverCBDeinit                  
20009a49  PinMuxConfig                          
20009b51  _SlDrvNetAppEventHandler              
20009c55  aligned_alloc                         
20009c55  memalign                              
20009d55  __aeabi_dmul                          
20009e51  sl_Stop                               
20009f41  spi_Read                              
2000a031  uDMAChannelTransferSet                
2000a121  sl_Start                              
2000a2f5  _SlDrvMsgReadSpawnCtx                 
2000a3dd  free                                  
2000a4c1  realloc                               
2000a5a5  sl_NetAppMDNSRegisterUnregisterService
2000a765  ldexp                                 
2000a765  ldexpl                                
2000a765  scalbn                                
2000a765  scalbnl                               
2000a835  _sl_HandleAsync_DnsGetHostByService   
2000a901  sl_DevGet                             
2000aa91  _SlDrvCmdOp                           
2000ac05  _SlNonOsSemGet                        
2000acb5  IntDisable                            
2000ad5d  IntEnable                             
2000ae05  _SlDriverHandleError                  
2000aea9  SPIConfigSetExpClk                    
2000af49  sl_Recv                               
2000afe9  __aeabi_memcpy                        
2000afe9  __aeabi_memcpy4                       
2000afe9  __aeabi_memcpy8                       
2000afe9  memcpy                                
2000b085  _SlDrvDeviceEventHandler              
2000b121  sl_DevSet                             
2000b1b9  sl_NetCfgSet                          
2000b251  sl_SetSockOpt                         
2000b2e9  sl_WlanSet                            
2000b381  spi_Write                             
2000b419  __aeabi_uldivmod                      
2000b4b1  PRCMPeripheralClockGet                
2000b545  _sl_HandleAsync_DnsGetHostByName      
2000b5d5  _sl_HandleAsync_PingResponse          
2000b665  sl_WlanPolicySet                      
2000b80d  _SlDrvIsTimeoutExpired                
2000b899  _sl_HandleAsync_InitComplete          
2000b925  sl_Socket                             
2000b9b1  PinConfigSet                          
2000ba39  __aeabi_cdcmpeq                       
2000ba39  __aeabi_cdcmple                       
2000babf  __aeabi_cdrcmple                      
2000bb45  sl_WlanRxFilterSet                    
2000bbc9  GPIOIntTypeSet                        
2000bc4d  _sl_HandleAsync_Connect               
2000bdcd  __aeabi_memclr                        
2000bdcd  __aeabi_memclr4                       
2000bdcd  __aeabi_memclr8                       
2000bdcf  __aeabi_memset                        
2000bdcf  __aeabi_memset4                       
2000bdcf  __aeabi_memset8                       
2000bdd5  memset                                
2000be49  spi_Close                             
2000bec1  UARTConfigSetExpClk                   
2000bf39  _SlNonOsMainLoopTask                  
2000c08d  _SlDrvCmdSend                         
2000c0f9  _sl_NetAppSendTokenValue              
2000c165  __TI_decompress_lzss                  
2000c1cd  _SlNonOsSpawn                         
2000c231  _sl_HandleAsync_Accept                
2000c295  sl_NetAppMDNSUnRegisterService        
2000c2f9  uDMAChannelAttributeDisable           
2000c35d  uDMAChannelAttributeEnable            
2000c3c1  sl_Close                              
2000c421  sl_WlanProfileDel                     
2000c481  sl_WlanSetMode                        
2000c4e1  frexp                                 
2000c4e1  frexpl                                
2000c53d  IntPendClear                          
2000c595  PRCMPeripheralReset                   
2000c645  IntPrioritySet                        
2000c699  _SlDrvRxIrqHandler                    
2000c6ed  __TI_ltoa                             
2000c741  _sl_HandleAsync_Select                
2000c7e9  _sl_HandleAsync_Stop                  
2000c839  SPIIntEnable                          
2000c8d1  _SlDrvProtectAsyncRespSetting         
2000c969  atoi                                  
2000c9b5  uDMAChannelAssign                     
2000ca49  SPIIntClear                           
2000ca91  _SlDrvBasicCmd                        
2000cad9  __aeabi_d2iz                          
2000cb65  TimerConfigure                        
2000cba9  _SlDrvSyncObjWaitTimeout              
2000cbed  __TI_auto_init_nobinit_nopinit        
2000cc75  sl_Htonl                              
2000ccb9  PinModeSet                            
2000cd39  sprintf                               
2000cd79  vsnprintf                             
2000cdb9  NwpRegisterInterruptHandler           
2000ce71  PRCMPeripheralClkEnable               
2000cead  simplelink_timerA2_start              
2000cee9  sl_Htons                              
2000cf25  uDMAChannelControlSet                 
2000cf61  NwpPowerOff                           
2000cf99  sl_WlanDisconnect                     
2000cfd1  GPIODirModeSet                        
2000d009  PRCMPeripheralStatusGet               
2000d03d  SPIFIFOLevelSet                       
2000d071  PinTypeGPIO                           
2000d0a1  UARTDisable                           
2000d101  __aeabi_i2d                           
2000d131  NwpPowerOn                            
2000d15d  PRCMSysResetCauseGet                  
2000d1b5  _SlDrvProtectionObjLockWaitForever    
2000d1e1  TimerLoadSet                          
2000d20b  TimerPrescaleSet                      
2000d235  PRCMPeripheralClkDisable              
2000d25d  _SlDrvGlobalObjUnLock                 
2000d285  _SlDrvProtectionObjUnLock             
2000d2ad  _SlDrvSyncObjWaitForever              
2000d2fd  memmove                               
2000d325  _SlDrvObjLockWaitForever              
2000d34d  DmaSpiSwIntHandler                    
2000d371  IntUnregister                         
2000d395  UARTEnable                            
2000d3b9  _c_int00_noargs                       
2000d3dd  GPIOIntStatus                         
2000d3ff  SPIReset                              
2000d421  SPIWordCountSet                       
2000d443  GPIOPinWrite                          
2000d465  IntRegister                           
2000d485  NwpPrePowerOffTimout0                 
2000d4a5  TimerGetCurrentTimestamp              
2000d4c5  _SlDrvObjUnLock                       
2000d4e5  _SlDrvSyncObjSignal                   
2000d505  GPIOIntRegister                       
2000d523  TimerEnable                           
2000d541  UARTCharPut                           
2000d57d  strcat                                
2000d59d  SysTickIntRegister                    
2000d5b9  TimerValueGet                         
2000d5d5  UARTCharGetNonBlocking                
2000d5f1  _SlDrvStartMeasureTimeout             
2000d60d  __TI_zero_init_nomemset               
2000d645  memccpy                               
2000d661  uDMAChannelEnable                     
2000d67d  GPIOIntEnable                         
2000d697  PinTypeUART                           
2000d6b1  SPIDmaDisable                         
2000d6cb  SPIDmaEnable                          
2000d6e5  SPIFIFODisable                        
2000d6ff  SPIFIFOEnable                         
2000d719  SPIIntUnregister                      
2000d733  GPIOPinRead                           
2000d74b  SPICSDisable                          
2000d763  SPICSEnable                           
2000d77b  SPIDisable                            
2000d793  SPIEnable                             
2000d7ad  SysTickPeriodSet                      
2000d7c5  UARTCharsAvail                        
2000d7dd  _SlNonOsSemSet                        
2000d83d  __aeabi_lmul                          
2000d855  PRCMHIBRegRead                        
2000d86b  PRCMHIBRegWrite                       
2000d881  _SlDrvMemZero                         
2000d897  strchr                                
2000d8ad  CPUcpsie                              
2000d8c1  GPIOIntClear                          
2000d8d5  IntVTableBaseSet                      
2000d8e9  strcpy                                
2000d8fd  strlen                                
2000d911  wcslen                                
2000d925  SysTickEnable                         
2000d935  SysTickIntEnable                      
2000d945  _SlDrvDispatchHttpServerEvents        
2000d955  _SlDrvResetCmdExt                     
2000d963  __TI_decompress_none                  
2000d971  ResetISR                              
2000d981  NwpMaskInterrupt                      
2000d98d  NwpUnMaskInterrupt                    
2000d999  SysTickValueGet                       
2000d9a5  copysign                              
2000d9a5  copysignl                             
2000d9b1  IntMasterEnable                       
2000d9c5  __aeabi_errno_addr                    
2000d9cd  malloc                                
2000d9d5  UtilsDelay                            
2000d9db  _system_pre_init                      
2000d9df  C$$EXIT                               
2000d9df  abort                                 
2000d9e4  _ctypes_                              
2000dde4  OpcodeTranslateTable                  
2000de20  _SlActionLookupTable                  
2000dfee  _SlNetAppSendTokenValueCmdCtrl        
2000e028  __TI_static_base__                    
2000e068  __TI_Handler_Table_Base               
2000e074  __TI_Handler_Table_Limit              
2000e080  __TI_CINIT_Base                       
2000e090  __TI_CINIT_Limit                      
20017000  __start___llvm_prf_cnts               
20017000  __stop___llvm_prf_cnts                
20017000  _sys_memory                           
2001f168  emailMessage                          
2001f268  g_ucDinDout                           
2001f2b8  buffer                                
2001f2f8  g_time                                
2001f324  g_ucConnectionSSID                    
2001f348  g_ucConnectionBSSID                   
2001f354  SW_intflag                            
2001f358  currButton                            
2001f35c  prevButton                            
2001f360  prevData                              
2001f364  RxIrqCnt                              
2001f365  g_bDeviceRestartIsRequired            
2001f366  g_cDummy                              
2001f367  g_ucLED1Pin                           
2001f368  g_ucLED2Pin                           
2001f369  g_ucLED3Pin                           
2001f36c  g__SlNonOsCB                          
2001f3a8  g_ulStatus                            
2001f3ac  g_ulPingPacketsRecv                   
2001f3b0  g_ulGatewayIP                         
2001f3b4  g_Host                                
2001f3b8  systick_cnt                           
2001f3bc  SW_intcount                           
2001f3c0  first_edge                            
2001f3c4  start                                 
2001f3c8  prevLetter                            
2001f3cc  bufIndex                              
2001f3d0  sameButton                            
2001f3d4  EnterMessage                          
2001f3d8  data                                  
2001f3dc  track                                 
2001f3e0  color                                 
2001f3f8  g_SlDeviceStatus                      
2001f3fc  g_pCB                                 
2001f400  pPingCallBackFunc                     
2001f408  g_uiLED1Port                          
2001f40c  g_uiLED2Port                          
2001f410  g_uiLED3Port                          
2001f414  g_SpiFd                               
2001f418  g_pHostIntHdl                         
2001f41c  g_ucDMAEnabled                        
2001f420  _lock                                 
2001f424  _unlock                               
2001f438  errno                                 
2002f000  __stack                               
20030000  __STACK_END                           
ffffffff  __TI_pprof_out_hndl                   
ffffffff  __TI_prof_data_size                   
ffffffff  __TI_prof_data_start                  
ffffffff  __binit__                             
ffffffff  __c_args__                            
ffffffff  binit                                 
UNDEFED   __mpu_init                            
UNDEFED   _system_post_cinit                    

[303 symbols]
